exports[`init 1`] = `"{\"model\":{\"children\":{\"login\":{\"password\":false,\"error\":null,\"children\":{\"email\":{\"errors\":[],\"started\":false,\"value\":\"\"},\"password\":{\"errors\":[],\"started\":false,\"value\":\"\"}}}}},\"effect\":[{\"type\":\"waitForAuthorization\"},{\"child\":\"login\",\"effect\":[{\"type\":\"loadUser\"}]}]}"`;

exports[`view - initial 1`] = `""<div class="login">
        <div>
        <div class="margin">
          <div class="field"><p>email:</p>  <div style="display: inline-block;"><input type="text" size="3" class="textfield  invalid" spellcheck="false" value="" autocomplete="email" /></div></div>
          <div class="field"><p>password:</p>  <div style="display: inline-block;">
        <input type="password" size="3" value="" class="textfield passwordfield invalid" />
      </div></div>
          <div>
            
          </div>
        </div>
        <div class="field"><a href="javascript:void('hey there ✌︎')" class="disabled">Log in with email/password</a></div>
      </div>
      </div>""`;
